// Jest Snapshot v1, https://goo.gl/fbAQLP

exports[`should render correctly 1`] = `
<Dropdown
  className="display-inline-block"
  overlay={
    <AddGraphMetricPopup
      elements={
        Array [
          "coverage",
        ]
      }
      filterSelected={[Function]}
      onSearch={[Function]}
      onSelect={[Function]}
      onUnselect={[Function]}
      renderLabel={[Function]}
      selectedElements={Array []}
    />
  }
>
  <Button
    className="spacer-left"
  >
    <span
      className="text-ellipsis text-middle"
    >
      project_activity.graphs.custom.add
    </span>
    <DropdownIcon
      className="text-top little-spacer-left"
    />
  </Button>
</Dropdown>
`;
