// Jest Snapshot v1, https://goo.gl/fbAQLP

exports[`should render correctly 1`] = `
<span>
  <FormattedMessage
    defaultMessage="onboarding.tutorial.with.azure_pipelines.ExtensionInstallation.sentence"
    id="onboarding.tutorial.with.azure_pipelines.ExtensionInstallation.sentence"
    values={
      Object {
        "button": <strong>
          onboarding.tutorial.with.azure_pipelines.ExtensionInstallation.sentence.button
        </strong>,
        "link": <ForwardRef(Link)
          target="_blank"
          to="https://marketplace.visualstudio.com/items?itemName=SonarSource.sonarqube"
        >
          onboarding.tutorial.with.azure_pipelines.ExtensionInstallation.sentence.link
        </ForwardRef(Link)>,
      }
    }
  />
</span>
`;
