// Jest Snapshot v1, https://goo.gl/fbAQLP

exports[`should render correctly if system is starting 1`] = `
<Navigate
  to={
    {
      "pathname": "/maintenance",
      "search": "return_to=%2Fprojects%3Fquery%3Dtoto%23hash",
    }
  }
/>
`;

exports[`should render correctly if system is up 1`] = `<Outlet />`;
