// Jest Snapshot v1, https://goo.gl/fbAQLP

exports[`should render correctly: default 1`] = `
<div
  className="plugin-risk-consent-page"
>
  <div
    className="plugin-risk-consent-content boxed-group"
  >
    <div
      className="boxed-group-inner text-center"
    >
      <h1
        className="big-spacer-bottom"
      >
        plugin_risk_consent.title
      </h1>
      <p
        className="big big-spacer-bottom"
      >
        plugin_risk_consent.description
      </p>
      <p
        className="big huge-spacer-bottom"
      >
        plugin_risk_consent.description2
      </p>
      <Button
        className="big-spacer-bottom"
        onClick={[Function]}
      >
        plugin_risk_consent.action
      </Button>
    </div>
  </div>
</div>
`;
