// Jest Snapshot v1, https://goo.gl/fbAQLP

exports[`should render correctly and start polling if issue sync is needed 1`] = `
<IndexationContextProvider
  appState={
    {
      "edition": "community",
      "needIssueSync": true,
      "productionDatabase": true,
      "qualifiers": [
        "TRK",
      ],
      "settings": {},
      "version": "1.0",
      "versionEOL": "2022-01-01",
    }
  }
>
  <TestComponent>
    <h1>
      TestComponent
    </h1>
  </TestComponent>
</IndexationContextProvider>
`;
