// Jest Snapshot v1, https://goo.gl/fbAQLP

exports[`should render correctly 1`] = `
<div
  className="page-wrapper-simple"
>
  <div
    className="page-simple"
  >
    <h1
      className="big-spacer-bottom"
    >
      <FormattedMessage
        defaultMessage="indexation.page_unavailable.title.issues"
        id="indexation.page_unavailable.title.issues"
        values={
          {
            "componentName": <em>
              test-portfolio
            </em>,
            "componentQualifier": "qualifier.VW",
          }
        }
      />
    </h1>
    <Alert
      variant="info"
    >
      <p>
        indexation.page_unavailable.description
      </p>
      <p
        className="spacer-top"
      >
        indexation.page_unavailable.description.additional_information
      </p>
    </Alert>
  </div>
</div>
`;
