// Jest Snapshot v1, https://goo.gl/fbAQLP

exports[`renders correctly 1`] = `
<ProjectQualityGateAppRenderer
  allQualityGates={
    [
      {
        "conditions": [
          {
            "error": "10",
            "id": "1",
            "metric": "coverage",
            "op": "LT",
          },
          {
            "error": "10",
            "id": "1",
            "metric": "new_bugs",
            "op": "LT",
          },
        ],
        "id": "gate1",
        "name": "qualitygate",
      },
      {
        "conditions": [
          {
            "error": "10",
            "id": "1",
            "metric": "coverage",
            "op": "LT",
          },
          {
            "error": "10",
            "id": "1",
            "metric": "new_bugs",
            "op": "LT",
          },
        ],
        "id": "gate2",
        "isBuiltIn": true,
        "name": "qualitygate",
      },
      {
        "conditions": [
          {
            "error": "10",
            "id": "1",
            "metric": "coverage",
            "op": "LT",
          },
          {
            "error": "10",
            "id": "1",
            "metric": "new_bugs",
            "op": "LT",
          },
        ],
        "id": "gate3",
        "isDefault": true,
        "name": "qualitygate",
      },
      {
        "id": "gate4",
        "name": "qualitygate",
      },
    ]
  }
  currentQualityGate={
    {
      "id": "gate2",
      "isBuiltIn": true,
      "name": "qualitygate",
    }
  }
  loading={false}
  onSelect={[Function]}
  onSubmit={[Function]}
  selectedQualityGateId="gate2"
  submitting={false}
/>
`;
