// Jest Snapshot v1, https://goo.gl/fbAQLP

exports[`should render correctly 1`] = `
<Fragment>
  <li>
    onboarding.tutorial.with.jenkins.jenkinsfile.dotnet.build_agent
    <RenderOptions
      label="onboarding.tutorial.with.jenkins.jenkinsfile.dotnet.build_agent"
      onCheck={[Function]}
      optionLabelKey="onboarding.build.dotnet"
      options={
        [
          "win_core",
          "win_msbuild",
          "linux_core",
        ]
      }
    />
  </li>
</Fragment>
`;
