// Jest Snapshot v1, https://goo.gl/fbAQLP

exports[`should match snapshot 1`] = `
<div
  className="account-body account-container"
>
  <HelmetWrapper
    defer={true}
    encodeSpecialCharacters={true}
    title="my_account.notifications"
  />
  <p
    className="alert alert-info"
  >
    notification.dispatcher.information
  </p>
  <Connect(GlobalNotifications) />
  <Connect(Projects) />
</div>
`;
