// Jest Snapshot v1, https://goo.gl/fbAQLP

exports[`should render a fallback when idp is not listed 1`] = `
<div>
  ggithub
  : 
</div>
`;

exports[`should render correctly 1`] = `
<div
  className="identity-provider"
  style={
    Object {
      "backgroundColor": "#444444",
      "color": "#fff",
    }
  }
>
  <img
    alt="GitHub"
    className="little-spacer-right"
    height="14"
    src="/images/github.svg"
    width="14"
  />
   
</div>
`;
