// Jest Snapshot v1, https://goo.gl/fbAQLP

exports[`should render correctly 1`] = `
<div
  className="display-flex-center"
>
  <strong
    className="little-spacer-right"
  >
    foo.label
    :
  </strong>
   
  bar
  <ClipboardIconButton
    className="little-spacer-left"
    copyValue="bar"
  />
</div>
`;
