// Jest Snapshot v1, https://goo.gl/fbAQLP

exports[`should render correctly 1`] = `
<FacetBox
  property="statuses"
>
  <FacetHeader
    fetching={false}
    name="issues.facet.statuses"
    onClear={[Function]}
    onClick={[Function]}
    open={true}
    values={[]}
  />
  <FacetItemsList>
    <FacetItem
      active={false}
      halfWidth={true}
      key="OPEN"
      loading={false}
      name={
        <StatusHelper
          status="OPEN"
        />
      }
      onClick={[Function]}
      stat="104"
      tooltip="issue.status.OPEN"
      value="OPEN"
    />
    <FacetItem
      active={false}
      halfWidth={true}
      key="CONFIRMED"
      loading={false}
      name={
        <StatusHelper
          status="CONFIRMED"
        />
      }
      onClick={[Function]}
      stat="8"
      tooltip="issue.status.CONFIRMED"
      value="CONFIRMED"
    />
    <FacetItem
      active={false}
      halfWidth={true}
      key="REOPENED"
      loading={false}
      name={
        <StatusHelper
          status="REOPENED"
        />
      }
      onClick={[Function]}
      stat={0}
      tooltip="issue.status.REOPENED"
      value="REOPENED"
    />
    <FacetItem
      active={false}
      halfWidth={true}
      key="RESOLVED"
      loading={false}
      name={
        <StatusHelper
          status="RESOLVED"
        />
      }
      onClick={[Function]}
      stat={0}
      tooltip="issue.status.RESOLVED"
      value="RESOLVED"
    />
    <FacetItem
      active={false}
      halfWidth={true}
      key="CLOSED"
      loading={false}
      name={
        <StatusHelper
          status="CLOSED"
        />
      }
      onClick={[Function]}
      stat="8"
      tooltip="issue.status.CLOSED"
      value="CLOSED"
    />
  </FacetItemsList>
  <MultipleSelectionHint
    options={5}
    values={0}
  />
</FacetBox>
`;
