// Jest Snapshot v1, https://goo.gl/fbAQLP

exports[`should display correctly with treemap option 1`] = `
<Select
  autoBlur={true}
  clearable={false}
  onChange={[Function]}
  options={
    Array [
      Object {
        "icon": <ListIcon />,
        "label": <div>
          <ListIcon
            className="little-spacer-right"
          />
          component_measures.tab.list
        </div>,
        "value": "list",
      },
      Object {
        "icon": <TreeIcon />,
        "label": <div>
          <TreeIcon
            className="little-spacer-right"
          />
          component_measures.tab.tree
        </div>,
        "value": "tree",
      },
      Object {
        "icon": <TreemapIcon />,
        "label": <div>
          <TreemapIcon
            className="little-spacer-right"
          />
          component_measures.tab.treemap
        </div>,
        "value": "treemap",
      },
    ]
  }
  searchable={false}
  value="tree"
  valueRenderer={[Function]}
/>
`;
