// Jest Snapshot v1, https://goo.gl/fbAQLP

exports[`renders 1`] = `
<Link
  className="button button-small spacer-left text-text-bottom"
  onlyActiveOnIndex={false}
  style={Object {}}
  to={
    Object {
      "pathname": "/project/activity",
      "query": Object {
        "custom_metrics": "security_rating",
        "graph": "custom",
        "id": "foo",
      },
    }
  }
>
  <HistoryIcon
    size={14}
  />
</Link>
`;
