// Jest Snapshot v1, https://goo.gl/fbAQLP

exports[`should create link 1`] = `
<Modal
  contentLabel="project_links.create_new_project_link"
  onRequestClose={[MockFunction]}
  size="small"
>
  <form
    onSubmit={[Function]}
  >
    <header
      className="modal-head"
    >
      <h2>
        project_links.create_new_project_link
      </h2>
    </header>
    <div
      className="modal-body"
    >
      <div
        className="modal-field"
      >
        <label
          htmlFor="create-link-name"
        >
          project_links.name
          <em
            className="mandatory"
          >
            *
          </em>
        </label>
        <input
          autoFocus={true}
          id="create-link-name"
          maxLength={128}
          name="name"
          onChange={[Function]}
          required={true}
          type="text"
          value=""
        />
      </div>
      <div
        className="modal-field"
      >
        <label
          htmlFor="create-link-url"
        >
          project_links.url
          <em
            className="mandatory"
          >
            *
          </em>
        </label>
        <input
          id="create-link-url"
          maxLength={128}
          name="url"
          onChange={[Function]}
          required={true}
          type="text"
          value=""
        />
      </div>
    </div>
    <footer
      className="modal-foot"
    >
      <DeferredSpinner
        className="spacer-right"
        loading={false}
        timeout={100}
      />
      <SubmitButton
        disabled={false}
        id="create-link-confirm"
      >
        create
      </SubmitButton>
      <ResetButtonLink
        disabled={false}
        onClick={[Function]}
      >
        cancel
      </ResetButtonLink>
    </footer>
  </form>
</Modal>
`;
