// Jest Snapshot v1, https://goo.gl/fbAQLP

exports[`should render correctly 1`] = `
<AlmTab
  alm="gitlab"
  createConfiguration={[Function]}
  defaultBinding={
    Object {
      "key": "",
      "personalAccessToken": "",
    }
  }
  definitions={
    Array [
      Object {
        "key": "foo",
        "personalAccessToken": "foobar",
      },
    ]
  }
  form={[Function]}
  loading={false}
  multipleAlmEnabled={true}
  onDelete={[MockFunction]}
  onUpdateDefinitions={[MockFunction]}
  updateConfiguration={[Function]}
/>
`;
