// Jest Snapshot v1, https://goo.gl/fbAQLP

exports[`should render correctly 1`] = `
<Fragment>
  <ActionsDropdown
    label="users.manage_user.obi"
  >
    <ActionsDropdownItem
      className="js-user-update"
      onClick={[Function]}
    >
      update_details
    </ActionsDropdownItem>
    <ActionsDropdownDivider />
    <ActionsDropdownItem
      className="js-user-deactivate"
      destructive={true}
      onClick={[Function]}
    >
      users.deactivate
    </ActionsDropdownItem>
  </ActionsDropdown>
</Fragment>
`;
