// Jest Snapshot v1, https://goo.gl/fbAQLP

exports[`should render correctly: default 1`] = `
<td
  className="source-meta source-line-duplications source-line-duplicated"
  data-index={1}
  data-line-number={3}
>
  <Tooltip
    overlay="source_viewer.tooltip.duplicated_block"
    placement="right"
  >
    <div>
      <Toggler
        onRequestClose={[Function]}
        open={false}
        overlay={
          <DropdownOverlay
            placement="right-top"
          />
        }
      >
        <div
          aria-label="source_viewer.tooltip.duplicated_block"
          className="source-line-bar"
          onClick={[Function]}
          role="button"
          tabIndex={0}
        />
      </Toggler>
    </div>
  </Tooltip>
</td>
`;

exports[`should render correctly: not duplicated 1`] = `
<td
  className="source-meta source-line-duplications"
  data-index={1}
  data-line-number={3}
>
  <div
    className="source-line-bar"
  />
</td>
`;
