// Jest Snapshot v1, https://goo.gl/fbAQLP

exports[`should render form 1`] = `
<Modal
  contentLabel="header"
  onRequestClose={[MockFunction]}
  size="small"
>
  <form
    onSubmit={[Function]}
  >
    <header
      className="modal-head"
    >
      <h2>
        header
      </h2>
    </header>
    <div
      className="modal-body"
    >
      <div
        className="modal-field"
      >
        <label
          htmlFor="create-group-name"
        >
          name
          <em
            className="mandatory"
          >
            *
          </em>
        </label>
        <input
          autoFocus={true}
          id="create-group-name"
          maxLength={255}
          name="name"
          onChange={[Function]}
          required={true}
          size={50}
          type="text"
          value=""
        />
      </div>
      <div
        className="modal-field"
      >
        <label
          htmlFor="create-group-description"
        >
          description
        </label>
        <textarea
          id="create-group-description"
          name="description"
          onChange={[Function]}
          value=""
        />
      </div>
    </div>
    <footer
      className="modal-foot"
    >
      <DeferredSpinner
        className="spacer-right"
        loading={false}
        timeout={100}
      />
      <SubmitButton
        disabled={false}
      >
        confirmButtonText
      </SubmitButton>
      <ResetButtonLink
        onClick={[Function]}
      >
        cancel
      </ResetButtonLink>
    </footer>
  </form>
</Modal>
`;
