// Jest Snapshot v1, https://goo.gl/fbAQLP

exports[`renders 1`] = `
<header
  className="navbar-context-header"
>
  <OrganizationAvatar
    organization={
      Object {
        "key": "foo",
        "name": "Foo",
        "projectVisibility": "public",
      }
    }
  />
  <span
    className="spacer-left"
  >
    Foo
  </span>
</header>
`;

exports[`renders dropdown 1`] = `
<Dropdown
  className="display-inline-block"
  overlay={
    <ul
      className="menu"
    >
      <OrganizationListItem
        organization={
          Object {
            "isAdmin": true,
            "key": "org1",
            "name": "org1",
            "projectVisibility": "public",
          }
        }
      />
      <OrganizationListItem
        organization={
          Object {
            "isAdmin": false,
            "key": "org2",
            "name": "org2",
            "projectVisibility": "public",
          }
        }
      />
    </ul>
  }
>
  <a
    className="spacer-left link-base-color link-no-underline"
    href="#"
  >
    Foo
    <DropdownIcon
      className="little-spacer-left"
    />
  </a>
</Dropdown>
`;
