// Jest Snapshot v1, https://goo.gl/fbAQLP

exports[`renders correctly 1`] = `
<section
  className="boxed-group"
>
  <h2
    className="spacer-bottom"
  >
    my_profile.password.title
  </h2>
  <form
    className="boxed-group-inner"
    onSubmit={[Function]}
  >
    <div
      className="form-field"
    >
      <label
        htmlFor="old_password"
      >
        my_profile.password.old
        <em
          className="mandatory"
        >
          *
        </em>
      </label>
      <input
        autoComplete="off"
        id="old_password"
        name="old_password"
        required={true}
        type="password"
      />
    </div>
    <div
      className="form-field"
    >
      <label
        htmlFor="password"
      >
        my_profile.password.new
        <em
          className="mandatory"
        >
          *
        </em>
      </label>
      <input
        autoComplete="off"
        id="password"
        name="password"
        required={true}
        type="password"
      />
    </div>
    <div
      className="form-field"
    >
      <label
        htmlFor="password_confirmation"
      >
        my_profile.password.confirm
        <em
          className="mandatory"
        >
          *
        </em>
      </label>
      <input
        autoComplete="off"
        id="password_confirmation"
        name="password_confirmation"
        required={true}
        type="password"
      />
    </div>
    <div
      className="form-field"
    >
      <SubmitButton
        id="change-password"
      >
        my_profile.password.submit
      </SubmitButton>
    </div>
  </form>
</section>
`;
