// Jest Snapshot v1, https://goo.gl/fbAQLP

exports[`should render correctly: Step wrapper 1`] = `
<Step
  finished={true}
  onOpen={[MockFunction]}
  open={true}
  renderForm={[Function]}
  stepNumber={2}
  stepTitle="onboarding.tutorial.with.gitlab_ci.yml.title"
/>
`;

exports[`should render correctly: initial content 1`] = `
<div
  className="boxed-group-inner"
>
  <ol
    className="list-styled"
  >
    <li>
      onboarding.build
      <RenderOptions
        label="onboarding.build"
        onCheck={[Function]}
        optionLabelKey="onboarding.build"
        options={
          [
            "maven",
            "gradle",
            "dotnet",
            "cfamily",
            "other",
          ]
        }
      />
    </li>
  </ol>
</div>
`;
